// Vitest Snapshot v1, https://vitest.dev/guide/snapshot.html

exports[`svelte to tsx > tsx code 1`] = `
"///<reference types="svelte" />
;
  export const FOO = 'BAR'
;;


import { onMount } from 'svelte'
import FloatingWrapper from '@sveltepress/twoslash/FloatingWrapper.svelte'
function render() {

  
  
  

  let count = 0

  onMount(() => {
    console.log('mounted')
  })
;
async () => {



 { svelteHTML.createElement("button", {  "on:click":() => count++,});
    count;
 }

 { const $$_repparWgnitaolF0C = __sveltets_2_ensureComponent(FloatingWrapper); const $$_repparWgnitaolF0 = new $$_repparWgnitaolF0C({ target: __sveltets_2_any(), props: { "placement":\`right\`,}});
   { svelteHTML.createElement("div", { "class":\`text-xl b-1 b-solid b-blue rounded py-10 px-4\`,});
    
   }

   {const {/*立ignore_start立*/$$_$$/*立ignore_end立*/,} = $$_repparWgnitaolF0.$$slot_def["floating-content"];$$_$$;{ svelteHTML.createElement("div", {  "class":\`bg-white dark:bg-dark b-solid b-1 b-red rounded p-4\`,});
     
   }}
 FloatingWrapper}};
return { props: /** @type {Record<string, never>} */ ({}), slots: {}, events: {} }}

export default class extends __sveltets_2_createSvelte2TsxComponent(__sveltets_2_partial(__sveltets_2_with_any_event(render()))) {
}"
`;
