// Vitest Snapshot v1, https://vitest.dev/guide/snapshot.html

exports[`shiki > twoslash svelte hover 1`] = `
[
  {
    "character": 15,
    "docs": undefined,
    "length": 3,
    "line": 1,
    "start": 51,
    "tags": undefined,
    "target": "FOO",
    "text": "const FOO: "BAR"",
    "type": "hover",
  },
  {
    "character": 11,
    "docs": "The \`onMount\` function schedules a callback to run as soon as the component has been mounted to the DOM.
It must be called during the component's initialisation (but doesn't need to live *inside* the component;
it can be called from an external module).

If a function is returned _synchronously_ from \`onMount\`, it will be called when the component is unmounted.

\`onMount\` does not run inside a [server-side component](https://svelte.dev/docs#run-time-server-side-component-api).

https://svelte.dev/docs/svelte#onmount",
    "length": 7,
    "line": 6,
    "start": 107,
    "tags": undefined,
    "target": "onMount",
    "text": "(alias) function onMount<T>(fn: () => NotFunction<T> | Promise<NotFunction<T>> | (() => any)): void
import onMount",
    "type": "hover",
  },
  {
    "character": 9,
    "docs": undefined,
    "length": 15,
    "line": 7,
    "start": 140,
    "tags": undefined,
    "target": "FloatingWrapper",
    "text": "(alias) class FloatingWrapper
import FloatingWrapper",
    "type": "hover",
  },
  {
    "character": 1,
    "docs": undefined,
    "length": 6,
    "line": 4,
    "start": 75,
    "tags": undefined,
    "target": "render",
    "text": "function render(): {
    props: Record<string, never>;
    slots: {};
    events: {};
}",
    "type": "hover",
  },
  {
    "character": 6,
    "docs": undefined,
    "length": 5,
    "line": 9,
    "start": 215,
    "tags": undefined,
    "target": "count",
    "text": "let count: number",
    "type": "hover",
  },
  {
    "character": 2,
    "docs": "The \`onMount\` function schedules a callback to run as soon as the component has been mounted to the DOM.
It must be called during the component's initialisation (but doesn't need to live *inside* the component;
it can be called from an external module).

If a function is returned _synchronously_ from \`onMount\`, it will be called when the component is unmounted.

\`onMount\` does not run inside a [server-side component](https://svelte.dev/docs#run-time-server-side-component-api).

https://svelte.dev/docs/svelte#onmount",
    "length": 7,
    "line": 11,
    "start": 228,
    "tags": undefined,
    "target": "onMount",
    "text": "(alias) onMount<void>(fn: () => void | (() => any) | Promise<void>): void
import onMount",
    "type": "hover",
  },
  {
    "character": 4,
    "docs": undefined,
    "length": 7,
    "line": 12,
    "start": 248,
    "tags": undefined,
    "target": "console",
    "text": "var console: Console",
    "type": "hover",
  },
  {
    "character": 12,
    "docs": "[MDN Reference](https://developer.mozilla.org/docs/Web/API/console/log)",
    "length": 3,
    "line": 12,
    "start": 256,
    "tags": undefined,
    "target": "log",
    "text": "(method) Console.log(...data: any[]): void",
    "type": "hover",
  },
  {
    "character": 24,
    "docs": undefined,
    "length": 5,
    "line": 16,
    "start": 311,
    "tags": undefined,
    "target": "count",
    "text": "let count: number",
    "type": "hover",
  },
  {
    "character": 13,
    "docs": undefined,
    "length": 5,
    "line": 17,
    "start": 334,
    "tags": undefined,
    "target": "count",
    "text": "let count: number",
    "type": "hover",
  },
  {
    "character": 1,
    "docs": undefined,
    "length": 15,
    "line": 20,
    "start": 353,
    "tags": undefined,
    "target": "FloatingWrapper",
    "text": "(alias) class FloatingWrapper
import FloatingWrapper",
    "type": "hover",
  },
  {
    "character": 2,
    "docs": undefined,
    "length": 15,
    "line": 28,
    "start": 596,
    "tags": undefined,
    "target": "FloatingWrapper",
    "text": "(alias) class FloatingWrapper
import FloatingWrapper",
    "type": "hover",
  },
]
`;
